// Jest Snapshot v1, https://goo.gl/fbAQLP

exports[`Pruebas sobre el componente <LoginScreen /> Debe de mostrarse correctamente 1`] = `<LoginScreen />`;
