// Jest Snapshot v1, https://goo.gl/fbAQLP

exports[`Pruebas sobre MultipleCustomHooks Debe de mostrarse correctamente 1`] = `
<div>
  <h1>
    Breaking Bad with Multiple hooks
  </h1>
  <hr />
  <div
    className="alert alert-info text-center"
  >
    loading...
  </div>
  <button
    className="btn btn-primary"
    onClick={[Function]}
  >
     siguiente 
  </button>
</div>
`;
